======================================================================
FHAIM MEMORY BENCHMARK (run_42)
======================================================================

Dataset         |     FHAIM-L1 |     FHAIM-L2 |
----------------------------------------------------------------------

Peak Memory (MB):
---------------------------------------------
Dataset         |     FHAIM-L1 |     FHAIM-L2 |
---------------------------------------------
Breast Cancer   |      18.95 MB |      26.28 MB |
COMPAS          |      11.12 MB |      31.72 MB |
Diabetes        |      13.72 MB |      26.57 MB |
---------------------------------------------

Current Memory at End (MB):
---------------------------------------------
Dataset         |     FHAIM-L1 |     FHAIM-L2 |
---------------------------------------------
Breast Cancer   |      18.27 MB |      25.80 MB |
COMPAS          |       8.39 MB |      28.32 MB |
Diabetes        |      12.27 MB |      26.03 MB |
---------------------------------------------


======================================================================
LaTeX Table:
======================================================================

\begin{table}[h]
\centering
\caption{Peak Memory Usage (MB)}
\label{tab:memory}
\begin{tabular}{lcc}
\toprule
Dataset & FHAIM-L1 & FHAIM-L2 \\
\midrule
Breast Cancer & 18.95 & 26.28 \\
COMPAS & 11.12 & 31.72 \\
Diabetes & 13.72 & 26.57 \\
\bottomrule
\end{tabular}
\end{table}
